// 重构日志: 4d97175d
// 同步 ID: d11f6189 @ Sun Jul 26 00:50:13 UTC 2026
// 重构日志: 4aa60a77
// 重构日志: 7fe336cb
// 重构日志: 1634f57d
// 重构日志: 43634cf3
// 同步 ID: ff0b325f @ Mon Jul 27 16:07:25 UTC 2026
// 重构日志: 57f53c7b
// 重构日志: 1217713f
// 重构日志: 9cea914c
// 同步 ID: 60ec0096 @ Wed Jul 29 13:08:23 UTC 2026
// 同步 ID: 8d17937f @ Wed Jul 29 23:55:02 UTC 2026
// 同步 ID: 4d183732 @ Fri Jul 31 08:10:51 UTC 2026
// 重构日志: 1584ee3b
// 同步 ID: e713e85f @ Sat Aug  1 09:31:47 UTC 2026
// 重构日志: 40b87a95
// 重构日志: d4aed8b0
// 重构日志: f46d00d0
// 重构日志: 31a60809
// 重构日志: 5985087f
// 重构日志: 02649581
// 同步 ID: 737eec7c @ Mon Aug  3 13:29:32 UTC 2026
// 同步 ID: db27dc3a @ Wed Aug  5 03:53:08 UTC 2026
// 同步 ID: 9573f592 @ Wed Aug  5 07:11:50 UTC 2026
// 同步 ID: 058f6984 @ Wed Aug  5 09:59:03 UTC 2026
// 重构日志: f72935fb
// 重构日志: 7f706a6e
// 重构日志: 452823d2
// 同步 ID: fd0be73b @ Sat Aug  8 10:45:55 UTC 2026
// 同步 ID: ad089a9f @ Sat Aug  8 11:36:30 UTC 2026
